../Core/Src/main.c:126:6:light_sticks	24	static
../Core/Src/main.c:137:6:light_position	16	static
../Core/Src/main.c:148:6:light_digit	32	static
../Core/Src/main.c:189:6:light_number	16	static
../Core/Src/main.c:200:6:light_number_sin	40	static
../Core/Src/main.c:221:6:HAL_UART_RxCpltCallback	16	static
../Core/Src/main.c:245:5:main	8	static
../Core/Src/main.c:292:6:SystemClock_Config	88	static
../Core/Src/main.c:340:13:MX_USART2_UART_Init	8	static
../Core/Src/main.c:371:13:MX_DMA_Init	16	static
../Core/Src/main.c:392:13:MX_GPIO_Init	48	static
../Core/Src/main.c:462:6:Error_Handler	4	static,ignoring_inline_asm
