../Core/Src/main.c:122:6:light_sticks	24	static
../Core/Src/main.c:133:6:light_position	16	static
../Core/Src/main.c:144:6:light_digit	32	static
../Core/Src/main.c:185:6:light_number	16	static
../Core/Src/main.c:199:6:HAL_UART_RxCpltCallback	16	static
../Core/Src/main.c:225:5:main	8	static
../Core/Src/main.c:274:6:SystemClock_Config	88	static
../Core/Src/main.c:322:13:MX_USART2_UART_Init	8	static
../Core/Src/main.c:353:13:MX_DMA_Init	16	static
../Core/Src/main.c:371:13:MX_GPIO_Init	48	static
../Core/Src/main.c:441:6:Error_Handler	4	static,ignoring_inline_asm
