../Core/Src/main.c:127:6:light_digit2	80	dynamic
../Core/Src/main.c:155:6:light_sticks	24	static
../Core/Src/main.c:166:6:light_position	16	static
../Core/Src/main.c:177:6:light_digit	32	static
../Core/Src/main.c:218:6:light_number	16	static
../Core/Src/main.c:239:5:main	32	static
../Core/Src/main.c:302:6:SystemClock_Config	88	static
../Core/Src/main.c:350:13:MX_USART2_UART_Init	8	static
../Core/Src/main.c:383:13:MX_GPIO_Init	48	static
../Core/Src/main.c:453:6:Error_Handler	4	static,ignoring_inline_asm
